
Memory Configuration

Name             Origin             Length             Attributes
RAM              0x0000000020000000 0x0000000000030000 rw
ROM              0x0000000008000000 0x0000000000200000 xr
*default*        0x0000000000000000 0xffffffffffffffff

Linker script and memory map


.text           0x0000000008000000      0x134
 *(.vectors)
 .vectors       0x0000000008000000        0x8 main.o
                0x0000000008000000                vectors
 *(.text)
 .text          0x0000000008000008       0x20 delay.o
                0x0000000008000008                delay
 .text          0x0000000008000028      0x10c main.o
                0x0000000008000028                start
                0x0000000008000094                main
                0x0000000008000134                . = ALIGN (0x4)
 *(.rodata)

.glue_7         0x0000000008000134        0x0
 .glue_7        0x0000000008000134        0x0 linker stubs

.glue_7t        0x0000000008000134        0x0
 .glue_7t       0x0000000008000134        0x0 linker stubs

.vfp11_veneer   0x0000000008000134        0x0
 .vfp11_veneer  0x0000000008000134        0x0 linker stubs

.v4_bx          0x0000000008000134        0x0
 .v4_bx         0x0000000008000134        0x0 linker stubs

.iplt           0x0000000008000134        0x0
 .iplt          0x0000000008000134        0x0 main.o

.rel.dyn        0x0000000008000134        0x0
 .rel.iplt      0x0000000008000134        0x0 main.o

.data           0x0000000020000000        0x0 load address 0x0000000008000134
                0x0000000020000000                _data_start = .
 *(.data)
 .data          0x0000000020000000        0x0 delay.o
 .data          0x0000000020000000        0x0 main.o
                0x0000000020000000                . = ALIGN (0x4)
                0x0000000020000000                _data_end = .
                0x0000000008000134                _data_lma = LOADADDR (.data)

.igot.plt       0x0000000020000000        0x0 load address 0x0000000008000134
 .igot.plt      0x0000000020000000        0x0 main.o

.bss            0x0000000020000000       0x20 load address 0x0000000008000134
                0x0000000020000000                _bss_start = .
 *(.bss)
 .bss           0x0000000020000000        0x0 delay.o
 .bss           0x0000000020000000       0x20 main.o
                0x0000000020000000                p1
                0x0000000020000008                p2
                0x0000000020000010                mk
 *(COMMON)
                0x0000000020000020                . = ALIGN (0x4)
                0x0000000020000020                _bss_end = .
LOAD delay.o
LOAD main.o
OUTPUT(main.elf elf32-littlearm)
LOAD linker stubs

.debug_info     0x0000000000000000      0x222
 .debug_info    0x0000000000000000       0x53 delay.o
 .debug_info    0x0000000000000053      0x1cf main.o

.debug_abbrev   0x0000000000000000      0x14f
 .debug_abbrev  0x0000000000000000       0x4c delay.o
 .debug_abbrev  0x000000000000004c      0x103 main.o

.debug_aranges  0x0000000000000000       0x40
 .debug_aranges
                0x0000000000000000       0x20 delay.o
 .debug_aranges
                0x0000000000000020       0x20 main.o

.debug_line     0x0000000000000000       0xfd
 .debug_line    0x0000000000000000       0x4b delay.o
 .debug_line    0x000000000000004b       0xb2 main.o

.debug_str      0x0000000000000000      0x158
 .debug_str     0x0000000000000000       0xae delay.o
                                         0xbb (size before relaxing)
 .debug_str     0x00000000000000ae       0xaa main.o
                                        0x17c (size before relaxing)

.comment        0x0000000000000000       0x49
 .comment       0x0000000000000000       0x49 delay.o
                                         0x4a (size before relaxing)
 .comment       0x0000000000000049       0x4a main.o

.ARM.attributes
                0x0000000000000000       0x2e
 .ARM.attributes
                0x0000000000000000       0x2e delay.o
 .ARM.attributes
                0x000000000000002e       0x2e main.o

.debug_frame    0x0000000000000000       0x8c
 .debug_frame   0x0000000000000000       0x38 delay.o
 .debug_frame   0x0000000000000038       0x54 main.o
