
Memory Configuration

Name             Origin             Length             Attributes
RAM              0x0000000020000000 0x0000000000030000 rw
ROM              0x0000000008000000 0x0000000000200000 xr
*default*        0x0000000000000000 0xffffffffffffffff

Linker script and memory map


.text           0x0000000008000000      0x26f
 *(.vectors)
 .vectors       0x0000000008000000       0x28 startup.o
                0x0000000008000000                vectors
 *(.text)
 .text          0x0000000008000028       0xe4 startup.o
                0x0000000008000028                start
                0x0000000008000094                NMI_Handler
                0x00000000080000a8                HardFault_Handler
                0x00000000080000bc                MemManage_Handler
                0x00000000080000d0                BusFault_Handler
                0x00000000080000e4                UsageFault_Handler
                0x00000000080000f8                DebugMon_Handler
                0x00000000080000f8                SysTick_Handler
                0x00000000080000f8                PendSV_Handler
                0x00000000080000f8                Unused_Handler
                0x00000000080000f8                SVC_Handler
 .text          0x000000000800010c       0x3c bsp.o
                0x0000000008000138                assert_failed
 .text          0x0000000008000148       0x20 delay.o
                0x0000000008000148                delay
 .text          0x0000000008000168       0xa4 main.o
                0x0000000008000168                main
                0x000000000800020c                . = ALIGN (0x4)
 *(.rodata)
 .rodata        0x000000000800020c       0x63 startup.o

.glue_7         0x0000000008000270        0x0
 .glue_7        0x0000000008000270        0x0 linker stubs

.glue_7t        0x0000000008000270        0x0
 .glue_7t       0x0000000008000270        0x0 linker stubs

.vfp11_veneer   0x0000000008000270        0x0
 .vfp11_veneer  0x0000000008000270        0x0 linker stubs

.v4_bx          0x0000000008000270        0x0
 .v4_bx         0x0000000008000270        0x0 linker stubs

.iplt           0x0000000008000270        0x0
 .iplt          0x0000000008000270        0x0 startup.o

.rel.dyn        0x0000000008000270        0x0
 .rel.iplt      0x0000000008000270        0x0 startup.o

.data           0x0000000020000000        0x0 load address 0x000000000800026f
                0x0000000020000000                _data_start = .
 *(.data)
 .data          0x0000000020000000        0x0 startup.o
 .data          0x0000000020000000        0x0 bsp.o
 .data          0x0000000020000000        0x0 delay.o
 .data          0x0000000020000000        0x0 main.o
                0x0000000020000000                . = ALIGN (0x4)
                0x0000000020000000                _data_end = .
                0x000000000800026f                _data_lma = LOADADDR (.data)

.igot.plt       0x0000000020000000        0x0 load address 0x000000000800026f
 .igot.plt      0x0000000020000000        0x0 startup.o

.bss            0x0000000020000000       0x20 load address 0x000000000800026f
                0x0000000020000000                _bss_start = .
 *(.bss)
 .bss           0x0000000020000000        0x0 startup.o
 .bss           0x0000000020000000        0x0 bsp.o
 .bss           0x0000000020000000        0x0 delay.o
 .bss           0x0000000020000000       0x20 main.o
                0x0000000020000000                p1
                0x0000000020000008                p2
                0x0000000020000010                mk
 *(COMMON)
                0x0000000020000020                . = ALIGN (0x4)
                0x0000000020000020                _bss_end = .
LOAD startup.o
LOAD bsp.o
LOAD delay.o
LOAD main.o
OUTPUT(main.elf elf32-littlearm)
LOAD linker stubs

.debug_info     0x0000000000000000      0x5e1
 .debug_info    0x0000000000000000      0x16d startup.o
 .debug_info    0x000000000000016d      0x2e7 bsp.o
 .debug_info    0x0000000000000454       0x53 delay.o
 .debug_info    0x00000000000004a7      0x13a main.o

.debug_abbrev   0x0000000000000000      0x2bb
 .debug_abbrev  0x0000000000000000       0xbf startup.o
 .debug_abbrev  0x00000000000000bf      0x10e bsp.o
 .debug_abbrev  0x00000000000001cd       0x4c delay.o
 .debug_abbrev  0x0000000000000219       0xa2 main.o

.debug_aranges  0x0000000000000000       0x80
 .debug_aranges
                0x0000000000000000       0x20 startup.o
 .debug_aranges
                0x0000000000000020       0x20 bsp.o
 .debug_aranges
                0x0000000000000040       0x20 delay.o
 .debug_aranges
                0x0000000000000060       0x20 main.o

.debug_line     0x0000000000000000      0x2b9
 .debug_line    0x0000000000000000       0xa4 startup.o
 .debug_line    0x00000000000000a4      0x14b bsp.o
 .debug_line    0x00000000000001ef       0x4b delay.o
 .debug_line    0x000000000000023a       0x7f main.o

.debug_str      0x0000000000000000      0x26f
 .debug_str     0x0000000000000000      0x196 startup.o
                                        0x1d0 (size before relaxing)
 .debug_str     0x0000000000000196       0xaa bsp.o
                                        0x1dc (size before relaxing)
 .debug_str     0x0000000000000240       0x16 delay.o
                                         0xbb (size before relaxing)
 .debug_str     0x0000000000000256       0x19 main.o
                                        0x135 (size before relaxing)

.comment        0x0000000000000000       0x49
 .comment       0x0000000000000000       0x49 startup.o
                                         0x4a (size before relaxing)
 .comment       0x0000000000000049       0x4a bsp.o
 .comment       0x0000000000000049       0x4a delay.o
 .comment       0x0000000000000049       0x4a main.o

.ARM.attributes
                0x0000000000000000       0x2e
 .ARM.attributes
                0x0000000000000000       0x2e startup.o
 .ARM.attributes
                0x000000000000002e       0x2e bsp.o
 .ARM.attributes
                0x000000000000005c       0x2e delay.o
 .ARM.attributes
                0x000000000000008a       0x2e main.o

.debug_frame    0x0000000000000000      0x18c
 .debug_frame   0x0000000000000000       0xdc startup.o
 .debug_frame   0x00000000000000dc       0x48 bsp.o
 .debug_frame   0x0000000000000124       0x38 delay.o
 .debug_frame   0x000000000000015c       0x30 main.o
