
Memory Configuration

Name             Origin             Length             Attributes
RAM              0x0000000020000000 0x0000000000030000 rw
ROM              0x0000000008000000 0x0000000000200000 xr
*default*        0x0000000000000000 0xffffffffffffffff

Linker script and memory map


.text           0x0000000008000000      0x683
 *(.vectors)
 .vectors       0x0000000008000000       0x40 build/startup.o
                0x0000000008000000                vectors
 *(.text)
 .text          0x0000000008000040       0xe4 build/startup.o
                0x0000000008000040                start
                0x00000000080000ac                NMI_Handler
                0x00000000080000c0                HardFault_Handler
                0x00000000080000d4                MemManage_Handler
                0x00000000080000e8                BusFault_Handler
                0x00000000080000fc                UsageFault_Handler
                0x0000000008000110                DebugMon_Handler
                0x0000000008000110                PendSV_Handler
                0x0000000008000110                Unused_Handler
                0x0000000008000110                SVC_Handler
 .text          0x0000000008000124      0x250 build/bsp.o
                0x00000000080001e8                assert_failed
                0x00000000080001f6                SysTick_Handler
                0x0000000008000210                ledOn
                0x000000000800022c                BSP_Delay
                0x0000000008000256                BSP_Tickr
                0x000000000800027c                BSP_init
                0x0000000008000294                BSP_ledInit
                0x00000000080002cc                BSP_greenLedToggle
                0x00000000080002e8                BSP_greenLedOn
                0x0000000008000304                BSP_greenLedOff
                0x0000000008000320                BSP_blueLedToggle
                0x000000000800033c                BSP_blueLedOn
                0x0000000008000358                BSP_blueLedOff
 .text          0x0000000008000374       0x20 build/delay.o
                0x0000000008000374                delay
 .text          0x0000000008000394      0x28c build/main.o
                0x0000000008000394                main_blinky1
                0x00000000080003a4                main_blinky2
                0x00000000080003b4                main
                0x0000000008000620                . = ALIGN (0x4)
 *(.rodata)
 .rodata        0x0000000008000620       0x63 build/startup.o

.glue_7         0x0000000008000684        0x0
 .glue_7        0x0000000008000684        0x0 linker stubs

.glue_7t        0x0000000008000684        0x0
 .glue_7t       0x0000000008000684        0x0 linker stubs

.vfp11_veneer   0x0000000008000684        0x0
 .vfp11_veneer  0x0000000008000684        0x0 linker stubs

.v4_bx          0x0000000008000684        0x0
 .v4_bx         0x0000000008000684        0x0 linker stubs

.iplt           0x0000000008000684        0x0
 .iplt          0x0000000008000684        0x0 build/startup.o

.rel.dyn        0x0000000008000684        0x0
 .rel.iplt      0x0000000008000684        0x0 build/startup.o

.data           0x0000000020000000        0x8 load address 0x0000000008000683
                0x0000000020000000                _data_start = .
 *(.data)
 .data          0x0000000020000000        0x0 build/startup.o
 .data          0x0000000020000000        0x0 build/bsp.o
 .data          0x0000000020000000        0x0 build/delay.o
 .data          0x0000000020000000        0x8 build/main.o
                0x0000000020000000                sp_blinky1
                0x0000000020000004                sp_blinky2
                0x0000000020000008                . = ALIGN (0x4)
                0x0000000020000008                _data_end = .
                0x0000000008000683                _data_lma = LOADADDR (.data)

.igot.plt       0x0000000020000008        0x0 load address 0x000000000800068b
 .igot.plt      0x0000000020000008        0x0 build/startup.o

.bss            0x0000000020000008      0x144 load address 0x000000000800068b
                0x0000000020000008                _bss_start = .
 *(.bss)
 .bss           0x0000000020000008        0x0 build/startup.o
 .bss           0x0000000020000008        0x4 build/bsp.o
                0x0000000020000008                l_tickrCtr
 .bss           0x000000002000000c        0x0 build/delay.o
 .bss           0x000000002000000c      0x140 build/main.o
                0x000000002000000c                stack_blinky1
                0x00000000200000ac                stack_blinky2
 *(COMMON)
                0x000000002000014c                . = ALIGN (0x4)
                0x000000002000014c                _bss_end = .
LOAD build/startup.o
LOAD build/bsp.o
LOAD build/delay.o
LOAD build/main.o
OUTPUT(build/main.elf elf32-littlearm)
LOAD linker stubs

.debug_info     0x0000000000000000      0xb99
 .debug_info    0x0000000000000000      0x16d build/startup.o
 .debug_info    0x000000000000016d      0x8bd build/bsp.o
 .debug_info    0x0000000000000a2a       0x53 build/delay.o
 .debug_info    0x0000000000000a7d      0x11c build/main.o

.debug_abbrev   0x0000000000000000      0x408
 .debug_abbrev  0x0000000000000000       0xbf build/startup.o
 .debug_abbrev  0x00000000000000bf      0x264 build/bsp.o
 .debug_abbrev  0x0000000000000323       0x4c build/delay.o
 .debug_abbrev  0x000000000000036f       0x99 build/main.o

.debug_aranges  0x0000000000000000       0x80
 .debug_aranges
                0x0000000000000000       0x20 build/startup.o
 .debug_aranges
                0x0000000000000020       0x20 build/bsp.o
 .debug_aranges
                0x0000000000000040       0x20 build/delay.o
 .debug_aranges
                0x0000000000000060       0x20 build/main.o

.debug_line     0x0000000000000000      0x61e
 .debug_line    0x0000000000000000       0xac build/startup.o
 .debug_line    0x00000000000000ac      0x281 build/bsp.o
 .debug_line    0x000000000000032d       0x4f build/delay.o
 .debug_line    0x000000000000037c      0x2a2 build/main.o

.debug_str      0x0000000000000000      0x995
 .debug_str     0x0000000000000000      0x19e build/startup.o
                                        0x1d8 (size before relaxing)
 .debug_str     0x000000000000019e      0x781 build/bsp.o
                                        0x8cf (size before relaxing)
 .debug_str     0x000000000000091f       0x1a build/delay.o
                                         0xbf (size before relaxing)
 .debug_str     0x0000000000000939       0x5c build/main.o
                                        0x18c (size before relaxing)

.comment        0x0000000000000000       0x49
 .comment       0x0000000000000000       0x49 build/startup.o
                                         0x4a (size before relaxing)
 .comment       0x0000000000000049       0x4a build/bsp.o
 .comment       0x0000000000000049       0x4a build/delay.o
 .comment       0x0000000000000049       0x4a build/main.o

.ARM.attributes
                0x0000000000000000       0x2e
 .ARM.attributes
                0x0000000000000000       0x2e build/startup.o
 .ARM.attributes
                0x000000000000002e       0x2e build/bsp.o
 .ARM.attributes
                0x000000000000005c       0x2e build/delay.o
 .ARM.attributes
                0x000000000000008a       0x2e build/main.o

.debug_frame    0x0000000000000000      0x394
 .debug_frame   0x0000000000000000       0xdc build/startup.o
 .debug_frame   0x00000000000000dc      0x21c build/bsp.o
 .debug_frame   0x00000000000002f8       0x38 build/delay.o
 .debug_frame   0x0000000000000330       0x64 build/main.o
