
Memory Configuration

Name             Origin             Length             Attributes
RAM              0x0000000020000000 0x0000000000030000 rw
ROM              0x0000000008000000 0x0000000000200000 xr
*default*        0x0000000000000000 0xffffffffffffffff

Linker script and memory map

                0x0000000020030000                _estack = 0x20030000
                0x0000000000000e00                _Min_Heap_Size = 0xe00
                0x0000000000001a00                _Min_Stack_Size = 0x1a00

.text           0x0000000008000000      0x5af
 *(.vectors)
 .vectors       0x0000000008000000       0x40 build/startup.o
                0x0000000008000000                vectors
 *(.text)
 .text          0x0000000008000040       0xe4 build/startup.o
                0x0000000008000040                start
                0x00000000080000ac                NMI_Handler
                0x00000000080000c0                HardFault_Handler
                0x00000000080000d4                MemManage_Handler
                0x00000000080000e8                BusFault_Handler
                0x00000000080000fc                UsageFault_Handler
                0x0000000008000110                DebugMon_Handler
                0x0000000008000110                PendSV_Handler
                0x0000000008000110                Unused_Handler
                0x0000000008000110                SVC_Handler
 .text          0x0000000008000124      0x2a4 build/bsp.o
                0x00000000080001e8                assert_failed
                0x00000000080001f6                SysTick_Handler
                0x0000000008000210                ledOn
                0x000000000800022c                BSP_Delay
                0x0000000008000256                BSP_Tickr
                0x000000000800027c                BSP_init
                0x0000000008000294                BSP_ledInit
                0x00000000080002cc                BSP_greenLedToggle
                0x00000000080002e8                BSP_greenLedOn
                0x0000000008000304                BSP_greenLedOff
                0x0000000008000320                BSP_blueLedToggle
                0x000000000800033c                BSP_blueLedOn
                0x0000000008000358                BSP_blueLedOff
                0x0000000008000374                BSP_redLedOn
                0x0000000008000390                BSP_redLedOff
                0x00000000080003ac                BSP_redLedToggle
 .text          0x00000000080003c8       0x20 build/delay.o
                0x00000000080003c8                delay
 .text          0x00000000080003e8      0x164 build/main.o
                0x00000000080003e8                main_blinky1
                0x00000000080003f8                main_blinky2
                0x0000000008000408                main
                0x000000000800054c                . = ALIGN (0x4)
 *(.rodata)
 .rodata        0x000000000800054c       0x63 build/startup.o

.glue_7         0x00000000080005b0        0x0
 .glue_7        0x00000000080005b0        0x0 linker stubs

.glue_7t        0x00000000080005b0        0x0
 .glue_7t       0x00000000080005b0        0x0 linker stubs

.vfp11_veneer   0x00000000080005b0        0x0
 .vfp11_veneer  0x00000000080005b0        0x0 linker stubs

.v4_bx          0x00000000080005b0        0x0
 .v4_bx         0x00000000080005b0        0x0 linker stubs

.iplt           0x00000000080005b0        0x0
 .iplt          0x00000000080005b0        0x0 build/startup.o

.rel.dyn        0x00000000080005b0        0x0
 .rel.iplt      0x00000000080005b0        0x0 build/startup.o

.data           0x0000000020000000        0x8 load address 0x00000000080005af
                0x0000000020000000                _data_start = .
 *(.data)
 .data          0x0000000020000000        0x0 build/startup.o
 .data          0x0000000020000000        0x0 build/bsp.o
 .data          0x0000000020000000        0x0 build/delay.o
 .data          0x0000000020000000        0x8 build/main.o
                0x0000000020000000                sp_blinky1
                0x0000000020000004                sp_blinky2
                0x0000000020000008                . = ALIGN (0x4)
                0x0000000020000008                _data_end = .
                0x00000000080005af                _data_lma = LOADADDR (.data)

.igot.plt       0x0000000020000008        0x0 load address 0x00000000080005b7
 .igot.plt      0x0000000020000008        0x0 build/startup.o

.bss            0x0000000020000008      0x148 load address 0x00000000080005b7
                0x0000000020000008                _bss_start = .
 *(.bss)
 .bss           0x0000000020000008        0x0 build/startup.o
 .bss           0x0000000020000008        0x4 build/bsp.o
                0x0000000020000008                l_tickrCtr
 .bss           0x000000002000000c        0x0 build/delay.o
 *fill*         0x000000002000000c        0x4 
 .bss           0x0000000020000010      0x140 build/main.o
                0x0000000020000010                stack_blinky1
                0x00000000200000b0                stack_blinky2
 *(COMMON)
                0x0000000020000150                . = ALIGN (0x4)
                0x0000000020000150                _bss_end = .
LOAD build/startup.o
LOAD build/bsp.o
LOAD build/delay.o
LOAD build/main.o
OUTPUT(main.elf elf32-littlearm)
LOAD linker stubs

.debug_info     0x0000000000000000      0xbd1
 .debug_info    0x0000000000000000      0x16d build/startup.o
 .debug_info    0x000000000000016d      0x8f3 build/bsp.o
 .debug_info    0x0000000000000a60       0x53 build/delay.o
 .debug_info    0x0000000000000ab3      0x11e build/main.o

.debug_abbrev   0x0000000000000000      0x41e
 .debug_abbrev  0x0000000000000000       0xbf build/startup.o
 .debug_abbrev  0x00000000000000bf      0x264 build/bsp.o
 .debug_abbrev  0x0000000000000323       0x4c build/delay.o
 .debug_abbrev  0x000000000000036f       0xaf build/main.o

.debug_aranges  0x0000000000000000       0x80
 .debug_aranges
                0x0000000000000000       0x20 build/startup.o
 .debug_aranges
                0x0000000000000020       0x20 build/bsp.o
 .debug_aranges
                0x0000000000000040       0x20 build/delay.o
 .debug_aranges
                0x0000000000000060       0x20 build/main.o

.debug_line     0x0000000000000000      0x579
 .debug_line    0x0000000000000000       0xac build/startup.o
 .debug_line    0x00000000000000ac      0x29c build/bsp.o
 .debug_line    0x0000000000000348       0x4f build/delay.o
 .debug_line    0x0000000000000397      0x1e2 build/main.o

.debug_str      0x0000000000000000      0x9cc
 .debug_str     0x0000000000000000      0x1a9 build/startup.o
                                        0x1e3 (size before relaxing)
 .debug_str     0x00000000000001a9      0x7ad build/bsp.o
                                        0x906 (size before relaxing)
 .debug_str     0x0000000000000956       0x1a build/delay.o
                                         0xca (size before relaxing)
 .debug_str     0x0000000000000970       0x5c build/main.o
                                        0x197 (size before relaxing)

.comment        0x0000000000000000       0x49
 .comment       0x0000000000000000       0x49 build/startup.o
                                         0x4a (size before relaxing)
 .comment       0x0000000000000049       0x4a build/bsp.o
 .comment       0x0000000000000049       0x4a build/delay.o
 .comment       0x0000000000000049       0x4a build/main.o

.ARM.attributes
                0x0000000000000000       0x2e
 .ARM.attributes
                0x0000000000000000       0x2e build/startup.o
 .ARM.attributes
                0x000000000000002e       0x2e build/bsp.o
 .ARM.attributes
                0x000000000000005c       0x2e build/delay.o
 .ARM.attributes
                0x000000000000008a       0x2e build/main.o

.debug_frame    0x0000000000000000      0x3f4
 .debug_frame   0x0000000000000000       0xdc build/startup.o
 .debug_frame   0x00000000000000dc      0x27c build/bsp.o
 .debug_frame   0x0000000000000358       0x38 build/delay.o
 .debug_frame   0x0000000000000390       0x64 build/main.o
