
Memory Configuration

Name             Origin             Length             Attributes
RAM              0x0000000020000000 0x0000000000030000 rw
ROM              0x0000000008000000 0x0000000000200000 xr
*default*        0x0000000000000000 0xffffffffffffffff

Linker script and memory map


.text           0x0000000008000000      0x423
 *(.vectors)
 .vectors       0x0000000008000000       0x40 build/startup.o
                0x0000000008000000                vectors
 *(.text)
 .text          0x0000000008000040       0xe4 build/startup.o
                0x0000000008000040                start
                0x00000000080000ac                NMI_Handler
                0x00000000080000c0                HardFault_Handler
                0x00000000080000d4                MemManage_Handler
                0x00000000080000e8                BusFault_Handler
                0x00000000080000fc                UsageFault_Handler
                0x0000000008000110                DebugMon_Handler
                0x0000000008000110                PendSV_Handler
                0x0000000008000110                Unused_Handler
                0x0000000008000110                SVC_Handler
 .text          0x0000000008000124      0x1fc build/bsp.o
                0x00000000080001e8                assert_failed
                0x00000000080001f6                SysTick_Handler
                0x0000000008000210                ledOn
                0x000000000800022c                BSP_Delay
                0x0000000008000256                BSP_Tickr
                0x000000000800027c                BSP_init
                0x0000000008000294                BSP_ledInit
                0x00000000080002cc                BSP_greenLedToggle
                0x00000000080002e8                BSP_greenLedOn
                0x0000000008000304                BSP_greenLedOff
 .text          0x0000000008000320       0x20 build/delay.o
                0x0000000008000320                delay
 .text          0x0000000008000340       0x7e build/main.o
                0x0000000008000340                main
                0x00000000080003c0                . = ALIGN (0x4)
 *fill*         0x00000000080003be        0x2 
 *(.rodata)
 .rodata        0x00000000080003c0       0x63 build/startup.o

.glue_7         0x0000000008000424        0x0
 .glue_7        0x0000000008000424        0x0 linker stubs

.glue_7t        0x0000000008000424        0x0
 .glue_7t       0x0000000008000424        0x0 linker stubs

.vfp11_veneer   0x0000000008000424        0x0
 .vfp11_veneer  0x0000000008000424        0x0 linker stubs

.v4_bx          0x0000000008000424        0x0
 .v4_bx         0x0000000008000424        0x0 linker stubs

.iplt           0x0000000008000424        0x0
 .iplt          0x0000000008000424        0x0 build/startup.o

.rel.dyn        0x0000000008000424        0x0
 .rel.iplt      0x0000000008000424        0x0 build/startup.o

.data           0x0000000020000000        0x0 load address 0x0000000008000423
                0x0000000020000000                _data_start = .
 *(.data)
 .data          0x0000000020000000        0x0 build/startup.o
 .data          0x0000000020000000        0x0 build/bsp.o
 .data          0x0000000020000000        0x0 build/delay.o
 .data          0x0000000020000000        0x0 build/main.o
                0x0000000020000000                . = ALIGN (0x4)
                0x0000000020000000                _data_end = .
                0x0000000008000423                _data_lma = LOADADDR (.data)

.igot.plt       0x0000000020000000        0x0 load address 0x0000000008000423
 .igot.plt      0x0000000020000000        0x0 build/startup.o

.bss            0x0000000020000000        0x4 load address 0x0000000008000423
                0x0000000020000000                _bss_start = .
 *(.bss)
 .bss           0x0000000020000000        0x0 build/startup.o
 .bss           0x0000000020000000        0x4 build/bsp.o
                0x0000000020000000                l_tickrCtr
 .bss           0x0000000020000004        0x0 build/delay.o
 .bss           0x0000000020000004        0x0 build/main.o
 *(COMMON)
                0x0000000020000004                . = ALIGN (0x4)
                0x0000000020000004                _bss_end = .
LOAD build/startup.o
LOAD build/bsp.o
LOAD build/delay.o
LOAD build/main.o
OUTPUT(build/main.elf elf32-littlearm)
LOAD linker stubs

.debug_info     0x0000000000000000      0xb21
 .debug_info    0x0000000000000000      0x16d build/startup.o
 .debug_info    0x000000000000016d      0x887 build/bsp.o
 .debug_info    0x00000000000009f4       0x53 build/delay.o
 .debug_info    0x0000000000000a47       0xda build/main.o

.debug_abbrev   0x0000000000000000      0x3ef
 .debug_abbrev  0x0000000000000000       0xbf build/startup.o
 .debug_abbrev  0x00000000000000bf      0x264 build/bsp.o
 .debug_abbrev  0x0000000000000323       0x4c build/delay.o
 .debug_abbrev  0x000000000000036f       0x80 build/main.o

.debug_aranges  0x0000000000000000       0x80
 .debug_aranges
                0x0000000000000000       0x20 build/startup.o
 .debug_aranges
                0x0000000000000020       0x20 build/bsp.o
 .debug_aranges
                0x0000000000000040       0x20 build/delay.o
 .debug_aranges
                0x0000000000000060       0x20 build/main.o

.debug_line     0x0000000000000000      0x49b
 .debug_line    0x0000000000000000       0xac build/startup.o
 .debug_line    0x00000000000000ac      0x266 build/bsp.o
 .debug_line    0x0000000000000312       0x4f build/delay.o
 .debug_line    0x0000000000000361      0x13a build/main.o

.debug_str      0x0000000000000000      0x93e
 .debug_str     0x0000000000000000      0x19e build/startup.o
                                        0x1d8 (size before relaxing)
 .debug_str     0x000000000000019e      0x752 build/bsp.o
                                        0x8a0 (size before relaxing)
 .debug_str     0x00000000000008f0       0x1a build/delay.o
                                         0xbf (size before relaxing)
 .debug_str     0x000000000000090a       0x34 build/main.o
                                        0x16a (size before relaxing)

.comment        0x0000000000000000       0x49
 .comment       0x0000000000000000       0x49 build/startup.o
                                         0x4a (size before relaxing)
 .comment       0x0000000000000049       0x4a build/bsp.o
 .comment       0x0000000000000049       0x4a build/delay.o
 .comment       0x0000000000000049       0x4a build/main.o

.ARM.attributes
                0x0000000000000000       0x2e
 .ARM.attributes
                0x0000000000000000       0x2e build/startup.o
 .ARM.attributes
                0x000000000000002e       0x2e build/bsp.o
 .ARM.attributes
                0x000000000000005c       0x2e build/delay.o
 .ARM.attributes
                0x000000000000008a       0x2e build/main.o

.debug_frame    0x0000000000000000      0x300
 .debug_frame   0x0000000000000000       0xdc build/startup.o
 .debug_frame   0x00000000000000dc      0x1bc build/bsp.o
 .debug_frame   0x0000000000000298       0x38 build/delay.o
 .debug_frame   0x00000000000002d0       0x30 build/main.o
